
> nextn@0.1.0 build
> next build

node.exe :  ΓÜá Invalid next.config.ts options detected: 
At C:\Program Files\nodejs\npm.ps1:29 char:3
+   & $NODE_EXE $NPM_CLI_JS $args
+   ~~~~~~~~~~~~~~~~~~~~~~~~~~~~~
    + CategoryInfo          : NotSpecified: ( ΓÜá Invalid ne...ions detected: :String) [], RemoteException
    + FullyQualifiedErrorId : NativeCommandError
 
 ΓÜá     Unrecognized key(s) in object: 'serverComponentsExternalPackages' at "experimental"
 ΓÜá See more info here: https://nextjs.org/docs/messages/invalid-next-config
 ΓÜá `experimental.serverComponentsExternalPackages` has been moved to `serverExternalPackages`. Please update 
your next.config.ts file accordingly.
   Γû▓ Next.js 15.2.3
   - Environments: .env.local, .env
   - Experiments (use with caution):
     Γ£ô optimizeCss

   Creating an optimized production build ...
Failed to compile.

./node_modules/react-day-picker/dist/index.esm.js
Module not found: Package path ./esm is not exported from package D:\Planner React\node_modules\date-fns (see 
exports field in D:\Planner React\node_modules\date-fns\package.json)

https://nextjs.org/docs/messages/module-not-found

Import trace for requested module:
./src/components/ui/calendar.tsx
./src/app/bucket-planning/page.tsx

./node_modules/react-day-picker/dist/index.esm.js
Module not found: Package path ./esm/locale is not exported from package D:\Planner 
React\node_modules\date-fns (see exports field in D:\Planner React\node_modules\date-fns\package.json)

https://nextjs.org/docs/messages/module-not-found

Import trace for requested module:
./src/components/ui/calendar.tsx
./src/app/bucket-planning/page.tsx

./src/app/bucket-planning/page.tsx
Module not found: Package path ./esm is not exported from package D:\Planner React\node_modules\date-fns (see 
exports field in D:\Planner React\node_modules\date-fns\package.json)

https://nextjs.org/docs/messages/module-not-found

./src/app/dynamic-reports/page.tsx
Module not found: Package path ./esm is not exported from package D:\Planner React\node_modules\date-fns (see 
exports field in D:\Planner React\node_modules\date-fns\package.json)

https://nextjs.org/docs/messages/module-not-found

./src/app/edit-order/[id]/page.tsx
Module not found: Package path ./esm is not exported from package D:\Planner React\node_modules\date-fns (see 
exports field in D:\Planner React\node_modules\date-fns\package.json)

https://nextjs.org/docs/messages/module-not-found


> Build failed because of webpack errors
